// Jest Snapshot v1, https://goo.gl/fbAQLP

exports[`Header should render with current weather and location data 1`] = `
<View
  style={
    Object {
      "padding": 5,
      "width": "100%",
    }
  }
>
  <Text
    accessible={true}
    allowFontScaling={true}
    ellipsizeMode="tail"
    style={
      Object {
        "fontSize": 25,
      }
    }
  >
    Jakarta, Indonesia
  </Text>
  <Text
    accessible={true}
    allowFontScaling={true}
    ellipsizeMode="tail"
    style={
      Object {
        "fontSize": 18,
      }
    }
  >
    30
     C
  </Text>
</View>
`;
