// Jest Snapshot v1, https://goo.gl/fbAQLP

exports[`Weather should render loading one day of forecast 1`] = `
<View
  accessibilityComponentType={undefined}
  accessibilityLabel={undefined}
  accessibilityTraits={undefined}
  accessible={true}
  hitSlop={undefined}
  isTVSelectable={true}
  onLayout={undefined}
  onResponderGrant={[Function]}
  onResponderMove={[Function]}
  onResponderRelease={[Function]}
  onResponderTerminate={[Function]}
  onResponderTerminationRequest={[Function]}
  onStartShouldSetResponder={[Function]}
  style={
    Object {
      "borderRadius": 10,
      "borderWidth": 1,
      "marginBottom": 10,
      "opacity": 1,
      "padding": 5,
    }
  }
  testID={undefined}
  tvParallaxProperties={undefined}
>
  <View
    style={
      Object {
        "flexDirection": "row",
        "justifyContent": "space-between",
      }
    }
  >
    <View>
      <Text
        accessible={true}
        allowFontScaling={true}
        ellipsizeMode="tail"
        style={
          Object {
            "fontSize": 24,
          }
        }
      >
        2015-04-15
      </Text>
      <Text
        accessible={true}
        allowFontScaling={true}
        ellipsizeMode="tail"
        style={
          Object {
            "fontSize": 24,
          }
        }
      >
        light rain
      </Text>
    </View>
    <Image
      source={
        Object {
          "uri": "http://openweathermap.org/img/w/10d.png",
        }
      }
      style={
        Object {
          "height": 75,
          "width": 75,
        }
      }
    />
  </View>
  <View />
</View>
`;
