// Jest Snapshot v1, https://goo.gl/fbAQLP

exports[`WeatherMoreDetail should render details of one day of forecast 1`] = `<View />`;
